// Vitest Snapshot v1, https://vitest.dev/guide/snapshot.html

exports[`App Component > Should render correctly 1`] = `<App />`;
